[roofing.local/index.html]
[external.html]
[backblue.gif]
[fade.gif]
[index.html]
[roofing.local/wp-content/themes/astra/assets/css/minified/main.mina07c.css]
[roofing.local/wp-content/plugins/elementor/assets/css/frontend-lite.min021f.css]
[roofing.local/wp-content/plugins/elementor/assets/lib/swiper/v8/css/swiper.min94a4.css]
[roofing.local/wp-content/uploads/elementor/css/post-6365693.css]
[roofing.local/wp-content/uploads/elementor/css/post-6359120.css]
[roofing.local/feed/index.html]
[roofing.local/comments/feed/index.html]
[roofing.local/wp-json/index.html]
[roofing.local/wp-json/wp/v2/pages/635.json]
[roofing.local/xmlrpc0db0.php]
[roofing.local/wp-json/oembed/1.0/embedf5bb.json]
[roofing.local/wp-json/oembed/1.0/embed9acf]
[roofing.local/wp-content/uploads/2021/06/house-logo1-80x34.png]
[roofing.local/wp-content/uploads/2021/06/photo-hero-15.jpg]
[roofing.local/wp-content/uploads/2021/06/photo-54.jpg]
[roofing.local/services/index.html]
[roofing.local/about/index.html]
[roofing.local/wp-content/uploads/2024/04/house-3121164_1280-1-min-1024x682.png]
[roofing.local/wp-content/uploads/2024/04/gardening-3248249_1280-1-min-1024x682.png]
[roofing.local/wp-content/uploads/2021/06/services-11.jpg]
[roofing.local/wp-content/uploads/2021/06/logo-google.png]
[roofing.local/wp-content/uploads/2021/06/testemonial-2-4.png]
[roofing.local/wp-content/uploads/2021/06/testimonial-13-free-img-4.png]
[roofing.local/wp-content/plugins/wpforms-lite/assets/css/frontend/classic/wpforms-base.min5068.css]
[roofing.local/wp-content/themes/astra/assets/js/minified/frontend.mina07c.js]
[roofing.local/wp-includes/js/dist/dom-ready.min5346.js]
[roofing.local/wp-content/plugins/elementor/assets/js/webpack.runtime.min021f.js]
[roofing.local/wp-includes/js/jquery/jquery.minf43b.js]
[roofing.local/wp-includes/js/jquery/jquery-migrate.min5589.js]
[roofing.local/wp-content/plugins/elementor/assets/js/frontend-modules.min021f.js]
[roofing.local/wp-content/plugins/elementor/assets/lib/waypoints/waypoints.min05da.js]
[roofing.local/wp-includes/js/jquery/ui/core.minb37e.js]
[roofing.local/wp-content/plugins/elementor/assets/js/frontend.min021f.js]
[roofing.local/wp-includes/js/underscore.min3ab8.js]
[roofing.local/wp-includes/js/wp-util.min0b5e.js]
[roofing.local/wp-content/plugins/wpforms-lite/assets/js/integrations/elementor/frontend.min5068.js]
[roofing.local/wp-content/plugins/wpforms-lite/assets/lib/jquery.validate.min7e9d.js]
[roofing.local/wp-content/plugins/wpforms-lite/assets/lib/mailcheck.mincfa9.js]
[roofing.local/wp-content/plugins/wpforms-lite/assets/lib/punycode.min8a54.js]
[roofing.local/wp-content/plugins/wpforms-lite/assets/js/share/utils.min5068.js]
[roofing.local/index.html]
[roofing.local/wp-content/themes/astra/assets/css/minified/main.mina07c.css]
[roofing.local/wp-content/plugins/elementor/assets/css/frontend-lite.min021f.css]
[roofing.local/wp-content/plugins/elementor/assets/lib/swiper/v8/css/swiper.min94a4.css]
[roofing.local/wp-content/uploads/elementor/css/post-6365693.css]
[roofing.local/wp-content/plugins/wpforms-lite/assets/js/frontend/wpforms.min5068.js]
[roofing.local/wp-content/uploads/2024/04/gardening-3248249_1280-1-min.png]
[roofing.local/wp-content/uploads/2021/06/shape-3.png]
[roofing.local/wp-content/uploads/2021/06/quotes-min.jpg]
[roofing.local/wp-content/uploads/elementor/css/post-6359120.css]
[roofing.local/wp-content/uploads/elementor/css/post-637ca2b.css]
[roofing.local/wp-json/wp/v2/pages/637.json]
[roofing.local/wp-json/oembed/1.0/embed1702.json]
[roofing.local/wp-json/oembed/1.0/embed08d8]
[roofing.local/wp-content/uploads/2021/06/about-us-1.jpg]
[roofing.local/wp-content/uploads/2021/06/about-us-12.jpg]
[roofing.local/wp-content/uploads/2021/06/about-us-11.jpg]
[roofing.local/wp-content/uploads/2024/04/Tamco.png]
[roofing.local/wp-content/uploads/2024/04/owens.png]
[roofing.local/wp-content/uploads/2024/04/GAF.png]
[roofing.local/about/index.html]
[roofing.local/wp-content/uploads/elementor/css/post-9394332.css]
[roofing.local/wp-json/oembed/1.0/embedcc81.json]
[roofing.local/wp-json/oembed/1.0/embedd9ab]
[roofing.local/wp-content/uploads/2024/04/roofers-2891664_1280-1-min-300x200.png]
[roofing.local/wp-content/uploads/2024/04/house-3121164_1280-1-min-300x200.png]
[roofing.local/wp-content/uploads/2024/04/gardening-3248249_1280-1-min-300x200.png]
[roofing.local/services/index.html]
[roofing.local/projects/index.html]
[roofing.local/contact-us/index.html]
[roofing.local/wp-content/plugins/elementor/assets/css/widget-icon-list.min.css]
[roofing.local/wp-content/uploads/2024/04/gardening-3248249_1280-1-min-1024x682.png]
[roofing.local/wp-content/uploads/2021/06/yelp.png]
[roofing.local/wp-content/uploads/2021/06/testimonial-03-free-img-4.png]
[roofing.local/wp-content/plugins/elementor/assets/lib/animations/animations.min021f.css]
[roofing.local/wp-content/plugins/wpforms-lite/assets/pro/images/times-solid-white.svg]
[roofing.local/wp-content/plugins/wpforms-lite/assets/css/frontend/classic/wpforms-base.min5068.css]
[roofing.local/wp-content/themes/astra/assets/js/minified/frontend.mina07c.js]
[roofing.local/wp-includes/js/dist/dom-ready.min5346.js]
[roofing.local/wp-content/plugins/elementor/assets/js/webpack.runtime.min021f.js]
[roofing.local/wp-includes/js/jquery/jquery.minf43b.js]
[roofing.local/wp-includes/js/jquery/jquery-migrate.min5589.js]
[roofing.local/wp-content/plugins/elementor/assets/js/frontend-modules.min021f.js]
[roofing.local/wp-content/plugins/elementor/assets/lib/waypoints/waypoints.min05da.js]
[roofing.local/wp-includes/js/jquery/ui/core.minb37e.js]
[roofing.local/wp-content/plugins/elementor/assets/js/frontend.min021f.js]
[roofing.local/wp-includes/js/underscore.min3ab8.js]
[roofing.local/wp-includes/js/wp-util.min0b5e.js]
[roofing.local/wp-content/plugins/wpforms-lite/assets/js/integrations/elementor/frontend.min5068.js]
[roofing.local/wp-content/plugins/wpforms-lite/assets/lib/jquery.validate.min7e9d.js]
[roofing.local/wp-content/plugins/astra-sites/inc/lib/onboarding/assets/dist/template-preview/maina11c.js]
[roofing.local/optusnet.com.42.delayed]
[roofing.local/com.au]
[roofing.local/net.au]
[roofing.local/wp-content/plugins/wpforms-lite/assets/lib/mailcheck.mincfa9.js]
[roofing.local/wp-content/plugins/wpforms-lite/assets/lib/punycode.min8a54.js]
[roofing.local/wp-content/plugins/wpforms-lite/assets/js/share/utils.min5068.js]
[roofing.local/wp-content/plugins/wpforms-lite/assets/js/frontend/wpforms.min5068.js]
[roofing.local/wp-content/uploads/2024/04/roof-plate-264744_1280-1-min.png]
[roofing.local/wp-content/uploads/2021/06/background_03.jpg]
[roofing.local/wp-content/uploads/elementor/css/post-637ca2b.css]
[roofing.local/index38bf.html]
[roofing.local/wp-content/uploads/2024/04/amerimax.png]
[roofing.local/wp-content/uploads/2024/04/house-3069940_1280-1-min.png]
[roofing.local/wp-content/uploads/elementor/css/post-9394332.css]
[roofing.local/index68cd.html]
[roofing.local/wp-content/uploads/elementor/css/post-1568e4.css]
[roofing.local/wp-json/wp/v2/pages/15.json]
[roofing.local/wp-json/oembed/1.0/embed6206.json]
[roofing.local/wp-json/oembed/1.0/embed2366]
[roofing.local/wp-content/uploads/2024/04/house-3121164_1280-1-min.png]
[roofing.local/wp-content/uploads/2021/06/2.jpg]
[roofing.local/wp-content/uploads/2021/06/4.jpg]
[roofing.local/projects/index.html]
[roofing.local/wp-content/uploads/2021/06/6.jpg]
[roofing.local/wp-content/uploads/elementor/css/post-175935.css]
[roofing.local/wp-json/wp/v2/pages/17.json]
[roofing.local/wp-json/oembed/1.0/embed27d6.json]
[roofing.local/wp-content/uploads/2021/06/contact-us-1.jpg]
[roofing.local/wp-json/oembed/1.0/embed3b9c]
[roofing.local/contact-us/index.html]
[roofing.local/wp-content/plugins/elementor/assets/css/widget-icon-box.min.css]
[roofing.local/wp-content/plugins/elementor/assets/css/widget-icon-list.min.css]
[roofing.local/wp-content/uploads/2024/04/roofers-2891664_1280-1-min-1024x683.png]
[roofing.local/wp-content/plugins/elementor/assets/lib/animations/animations.min021f.css]
[roofing.local/wp-content/plugins/astra-sites/inc/lib/onboarding/assets/dist/template-preview/maina11c.js]
[roofing.local/wp-content/uploads/2021/06/sketch-1.png]
[roofing.local/OPR/index.html]
[roofing.local/wp-content/uploads/elementor/css/post-1568e4.css]
[roofing.local/indexa1ca.html]
[roofing.local/wp-content/uploads/elementor/css/post-175935.css]
[roofing.local/indexd8eb.html]
[roofing.local/wp-content/plugins/elementor/assets/css/widget-icon-box.min.css]
[roofing.local/wp-content/uploads/2024/04/tree-3252382_1280-1-min-1024x682.png]
[roofing.local/wp-content/uploads/2021/06/5.jpg]
[roofing.local/-negative.svg]
